Archive member included to satisfy reference by file (symbol)

e:/programs/mplab xc8/avr/bin/../lib/gcc/avr/5.4.0/../../../../avr/lib/avr5/memx-const\libc.a(exit.o)
                              E:/Programs/Microchip Studio/7.0/Packs/atmel/ATmega_DFP/1.7.374/xc8/avr/lib/avr5/memx-const/crtatmega32.o (exit)
e:/programs/mplab xc8/avr/bin/../lib/gcc/avr/5.4.0/../../../../avr/lib/avr5/memx-const\libc.a(_Exit.o)
                              e:/programs/mplab xc8/avr/bin/../lib/gcc/avr/5.4.0/../../../../avr/lib/avr5/memx-const\libc.a(exit.o) (_Exit)
e:/programs/mplab xc8/avr/bin/../lib/gcc/avr/5.4.0/avr5/memx-const\libgcc.a(_exit.o)
                              e:/programs/mplab xc8/avr/bin/../lib/gcc/avr/5.4.0/../../../../avr/lib/avr5/memx-const\libc.a(_Exit.o) (_exit)

Discarded input sections

 .data          0x0000000000000000        0x0 E:/Programs/Microchip Studio/7.0/Packs/atmel/ATmega_DFP/1.7.374/xc8/avr/lib/avr5/memx-const/crtatmega32.o
 .bss           0x0000000000000000        0x0 E:/Programs/Microchip Studio/7.0/Packs/atmel/ATmega_DFP/1.7.374/xc8/avr/lib/avr5/memx-const/crtatmega32.o
 .text          0x0000000000000000        0x0 APP/TEST_SPI/TEST_SPI_Program.o
 .data          0x0000000000000000        0x0 APP/TEST_SPI/TEST_SPI_Program.o
 .bss           0x0000000000000000        0x0 APP/TEST_SPI/TEST_SPI_Program.o
 .text          0x0000000000000000        0x0 main.o
 .data          0x0000000000000000        0x0 main.o
 .bss           0x0000000000000000        0x0 main.o
 .text          0x0000000000000000        0x0 MCAL/DIO/DIO_Program.o
 .data          0x0000000000000000        0x0 MCAL/DIO/DIO_Program.o
 .bss           0x0000000000000000        0x0 MCAL/DIO/DIO_Program.o
 .text.DIO_SetPortDir
                0x0000000000000000       0x20 MCAL/DIO/DIO_Program.o
 .text.DIO_SetPortVal
                0x0000000000000000       0x20 MCAL/DIO/DIO_Program.o
 .text.DIO_ReadPort
                0x0000000000000000       0x30 MCAL/DIO/DIO_Program.o
 .text.DIO_ReadPin
                0x0000000000000000       0x68 MCAL/DIO/DIO_Program.o
 .text          0x0000000000000000        0x0 MCAL/INTERRUPTS/GIE/GIE_Program.o
 .data          0x0000000000000000        0x0 MCAL/INTERRUPTS/GIE/GIE_Program.o
 .bss           0x0000000000000000        0x0 MCAL/INTERRUPTS/GIE/GIE_Program.o
 .text.GIE_Enable
                0x0000000000000000        0x8 MCAL/INTERRUPTS/GIE/GIE_Program.o
 .text.GIE_Disable
                0x0000000000000000        0x8 MCAL/INTERRUPTS/GIE/GIE_Program.o
 .debug_info    0x0000000000000000      0x295 MCAL/INTERRUPTS/GIE/GIE_Program.o
 .debug_abbrev  0x0000000000000000       0x46 MCAL/INTERRUPTS/GIE/GIE_Program.o
 .debug_aranges
                0x0000000000000000       0x28 MCAL/INTERRUPTS/GIE/GIE_Program.o
 .debug_ranges  0x0000000000000000       0x18 MCAL/INTERRUPTS/GIE/GIE_Program.o
 .debug_line    0x0000000000000000       0x89 MCAL/INTERRUPTS/GIE/GIE_Program.o
 .debug_str     0x0000000000000000        0x0 MCAL/INTERRUPTS/GIE/GIE_Program.o
 .comment       0x0000000000000000       0x30 MCAL/INTERRUPTS/GIE/GIE_Program.o
 .debug_frame   0x0000000000000000       0x34 MCAL/INTERRUPTS/GIE/GIE_Program.o
 .text          0x0000000000000000        0x0 MCAL/SPI/SPI_Program.o
 .data          0x0000000000000000        0x0 MCAL/SPI/SPI_Program.o
 .bss           0x0000000000000000        0x0 MCAL/SPI/SPI_Program.o
 .text.SPI_SetCallback
                0x0000000000000000        0x2 MCAL/SPI/SPI_Program.o
 .text          0x0000000000000000        0x0 e:/programs/mplab xc8/avr/bin/../lib/gcc/avr/5.4.0/../../../../avr/lib/avr5/memx-const\libc.a(exit.o)
 .data          0x0000000000000000        0x0 e:/programs/mplab xc8/avr/bin/../lib/gcc/avr/5.4.0/../../../../avr/lib/avr5/memx-const\libc.a(exit.o)
 .bss           0x0000000000000000        0x0 e:/programs/mplab xc8/avr/bin/../lib/gcc/avr/5.4.0/../../../../avr/lib/avr5/memx-const\libc.a(exit.o)
 .text          0x0000000000000000        0x0 e:/programs/mplab xc8/avr/bin/../lib/gcc/avr/5.4.0/../../../../avr/lib/avr5/memx-const\libc.a(_Exit.o)
 .data          0x0000000000000000        0x0 e:/programs/mplab xc8/avr/bin/../lib/gcc/avr/5.4.0/../../../../avr/lib/avr5/memx-const\libc.a(_Exit.o)
 .bss           0x0000000000000000        0x0 e:/programs/mplab xc8/avr/bin/../lib/gcc/avr/5.4.0/../../../../avr/lib/avr5/memx-const\libc.a(_Exit.o)
 .text          0x0000000000000000        0x0 e:/programs/mplab xc8/avr/bin/../lib/gcc/avr/5.4.0/avr5/memx-const\libgcc.a(_exit.o)
 .data          0x0000000000000000        0x0 e:/programs/mplab xc8/avr/bin/../lib/gcc/avr/5.4.0/avr5/memx-const\libgcc.a(_exit.o)
 .bss           0x0000000000000000        0x0 e:/programs/mplab xc8/avr/bin/../lib/gcc/avr/5.4.0/avr5/memx-const\libgcc.a(_exit.o)
 .text.libgcc.mul
                0x0000000000000000        0x0 e:/programs/mplab xc8/avr/bin/../lib/gcc/avr/5.4.0/avr5/memx-const\libgcc.a(_exit.o)
 .text.libgcc.div
                0x0000000000000000        0x0 e:/programs/mplab xc8/avr/bin/../lib/gcc/avr/5.4.0/avr5/memx-const\libgcc.a(_exit.o)
 .text.libgcc   0x0000000000000000        0x0 e:/programs/mplab xc8/avr/bin/../lib/gcc/avr/5.4.0/avr5/memx-const\libgcc.a(_exit.o)
 .text.libgcc.prologue
                0x0000000000000000        0x0 e:/programs/mplab xc8/avr/bin/../lib/gcc/avr/5.4.0/avr5/memx-const\libgcc.a(_exit.o)
 .stack.descriptors
                0x0000000000000000       0x13 e:/programs/mplab xc8/avr/bin/../lib/gcc/avr/5.4.0/avr5/memx-const\libgcc.a(_exit.o)
 .text.libgcc.builtins
                0x0000000000000000        0x0 e:/programs/mplab xc8/avr/bin/../lib/gcc/avr/5.4.0/avr5/memx-const\libgcc.a(_exit.o)
 .text.libgcc.fmul
                0x0000000000000000        0x0 e:/programs/mplab xc8/avr/bin/../lib/gcc/avr/5.4.0/avr5/memx-const\libgcc.a(_exit.o)
 .text.libgcc.fixed
                0x0000000000000000        0x0 e:/programs/mplab xc8/avr/bin/../lib/gcc/avr/5.4.0/avr5/memx-const\libgcc.a(_exit.o)

Memory Configuration

Name             Origin             Length             Attributes
text             0x0000000000000000 0x0000000000008000 xr
data             0x0000000000800060 0x0000000000000800 rw !x
eeprom           0x0000000000810000 0x0000000000000400 rw !x
fuse             0x0000000000820000 0x0000000000000002 rw !x
lock             0x0000000000830000 0x0000000000000400 rw !x
signature        0x0000000000840000 0x0000000000000400 rw !x
user_signatures  0x0000000000850000 0x0000000000000400 rw !x
*default*        0x0000000000000000 0xffffffffffffffff

Linker script and memory map

LOAD E:/Programs/Microchip Studio/7.0/Packs/atmel/ATmega_DFP/1.7.374/xc8/avr/lib/avr5/memx-const/crtatmega32.o
LOAD APP/TEST_SPI/TEST_SPI_Program.o
LOAD main.o
LOAD MCAL/DIO/DIO_Program.o
LOAD MCAL/INTERRUPTS/GIE/GIE_Program.o
LOAD MCAL/SPI/SPI_Program.o
START GROUP
LOAD e:/programs/mplab xc8/avr/bin/../lib/gcc/avr/5.4.0/../../../../avr/lib/avr5/memx-const\libm.a
END GROUP
START GROUP
LOAD e:/programs/mplab xc8/avr/bin/../lib/gcc/avr/5.4.0/avr5/memx-const\libgcc.a
LOAD e:/programs/mplab xc8/avr/bin/../lib/gcc/avr/5.4.0/../../../../avr/lib/avr5/memx-const\libm.a
LOAD e:/programs/mplab xc8/avr/bin/../lib/gcc/avr/5.4.0/../../../../avr/lib/avr5/memx-const\libc.a
LOAD E:/Programs/Microchip Studio/7.0/Packs/atmel/ATmega_DFP/1.7.374/xc8/avr/lib/avr5/memx-const\libatmega32.a
END GROUP
                0x0000000000000000                __TEXT_REGION_ORIGIN__ = DEFINED (__TEXT_REGION_ORIGIN__)?__TEXT_REGION_ORIGIN__:0x0
                [0x0000000000800060]                __DATA_REGION_ORIGIN__ = DEFINED (__DATA_REGION_ORIGIN__)?__DATA_REGION_ORIGIN__:0x800060
                [0x0000000000008000]                __TEXT_REGION_LENGTH__ = DEFINED (__TEXT_REGION_LENGTH__)?__TEXT_REGION_LENGTH__:0x20000
                [0x0000000000000800]                __DATA_REGION_LENGTH__ = DEFINED (__DATA_REGION_LENGTH__)?__DATA_REGION_LENGTH__:0xffa0
                [0x0000000000000400]                __EEPROM_REGION_LENGTH__ = DEFINED (__EEPROM_REGION_LENGTH__)?__EEPROM_REGION_LENGTH__:0x10000
                [0x0000000000000002]                __FUSE_REGION_LENGTH__ = DEFINED (__FUSE_REGION_LENGTH__)?__FUSE_REGION_LENGTH__:0x400
                0x0000000000000400                __LOCK_REGION_LENGTH__ = DEFINED (__LOCK_REGION_LENGTH__)?__LOCK_REGION_LENGTH__:0x400
                0x0000000000000400                __SIGNATURE_REGION_LENGTH__ = DEFINED (__SIGNATURE_REGION_LENGTH__)?__SIGNATURE_REGION_LENGTH__:0x400
                0x0000000000000400                __USER_SIGNATURE_REGION_LENGTH__ = DEFINED (__USER_SIGNATURE_REGION_LENGTH__)?__USER_SIGNATURE_REGION_LENGTH__:0x400

.hash
 *(.hash)

.dynsym
 *(.dynsym)

.dynstr
 *(.dynstr)

.gnu.version
 *(.gnu.version)

.gnu.version_d
 *(.gnu.version_d)

.gnu.version_r
 *(.gnu.version_r)

.rel.init
 *(.rel.init)

.rela.init
 *(.rela.init)

.rel.text
 *(.rel.text)
 *(.rel.text.*)
 *(.rel.gnu.linkonce.t*)

.rela.text
 *(.rela.text)
 *(.rela.text.*)
 *(.rela.gnu.linkonce.t*)

.rel.fini
 *(.rel.fini)

.rela.fini
 *(.rela.fini)

.rel.rodata
 *(.rel.rodata)
 *(.rel.rodata.*)
 *(.rel.gnu.linkonce.r*)

.rela.rodata
 *(.rela.rodata)
 *(.rela.rodata.*)
 *(.rela.gnu.linkonce.r*)

.rel.data
 *(.rel.data)
 *(.rel.data.*)
 *(.rel.gnu.linkonce.d*)

.rela.data
 *(.rela.data)
 *(.rela.data.*)
 *(.rela.gnu.linkonce.d*)

.rel.ctors
 *(.rel.ctors)

.rela.ctors
 *(.rela.ctors)

.rel.dtors
 *(.rel.dtors)

.rela.dtors
 *(.rela.dtors)

.rel.got
 *(.rel.got)

.rela.got
 *(.rela.got)

.rel.bss
 *(.rel.bss)

.rela.bss
 *(.rela.bss)

.rel.plt
 *(.rel.plt)

.rela.plt
 *(.rela.plt)

.text           0x0000000000000000       0x6c
 *(.vectors)
 .vectors       0x0000000000000000       0x54 E:/Programs/Microchip Studio/7.0/Packs/atmel/ATmega_DFP/1.7.374/xc8/avr/lib/avr5/memx-const/crtatmega32.o
                0x0000000000000000                __vector_default
                0x0000000000000000                __vectors
 *(.vectors)
 *(.progmem.gcc*)
 *(.dinit)
 .dinit         0x0000000000000054        0x0 data_init
                0x0000000000000054                . = ALIGN (0x2)
                0x0000000000000054                __trampolines_start = .
 *(.trampolines)
 .trampolines   0x0000000000000054        0x0 linker stubs
 *(.trampolines*)
                0x0000000000000054                __trampolines_end = .
 *libprintf_flt.a:*(.progmem.data)
 *libc.a:*(.progmem.data)
                0x0000000000000054                . = ALIGN (0x2)
 *(.jumptables)
 *(.jumptables*)
 *(.lowtext)
 *(.lowtext*)
                0x0000000000000054                __ctors_start = .
 *(.ctors)
                0x0000000000000054                __ctors_end = .
                0x0000000000000054                __dtors_start = .
 *(.dtors)
                0x0000000000000054                __dtors_end = .
 SORT(*)(.ctors)
 SORT(*)(.dtors)
 *(.init0)
 .init0         0x0000000000000054        0x0 E:/Programs/Microchip Studio/7.0/Packs/atmel/ATmega_DFP/1.7.374/xc8/avr/lib/avr5/memx-const/crtatmega32.o
                0x0000000000000054                __init
 *(.init0)
 *(.init1)
 *(.init1)
 *(.init2)
 .init2         0x0000000000000054        0xc E:/Programs/Microchip Studio/7.0/Packs/atmel/ATmega_DFP/1.7.374/xc8/avr/lib/avr5/memx-const/crtatmega32.o
 *(.init2)
 *(.init3)
 *(.init3)
 *(.init4)
 *(.init4)
 *(.init5)
 *(.init5)
 *(.init6)
 *(.init6)
 *(.init7)
 *(.init7)
 *(.init8)
 *(.init8)
 *(.init9)
 .init9         0x0000000000000060        0x8 E:/Programs/Microchip Studio/7.0/Packs/atmel/ATmega_DFP/1.7.374/xc8/avr/lib/avr5/memx-const/crtatmega32.o
 *(.init9)
                0x0000000000000068                . = ALIGN (0x2)
 *(.fini9)
 .fini9         0x0000000000000068        0x0 e:/programs/mplab xc8/avr/bin/../lib/gcc/avr/5.4.0/avr5/memx-const\libgcc.a(_exit.o)
                0x0000000000000068                _exit
 *(.fini9)
 *(.fini8)
 *(.fini8)
 *(.fini7)
 *(.fini7)
 *(.fini6)
 *(.fini6)
 *(.fini5)
 *(.fini5)
 *(.fini4)
 *(.fini4)
 *(.fini3)
 *(.fini3)
 *(.fini2)
 *(.fini2)
 *(.fini1)
 *(.fini1)
 *(.fini0)
 .fini0         0x0000000000000068        0x4 e:/programs/mplab xc8/avr/bin/../lib/gcc/avr/5.4.0/avr5/memx-const\libgcc.a(_exit.o)
 *(.fini0)
                0x000000000000006c                _etext = .

.data           0x0000000000800060        0x0 load address 0x000000000000006c
                [!provide]                        PROVIDE (__data_start, .)
 *(.gnu.linkonce.d*)
 *(.gnu.linkonce.r*)
                0x0000000000800060                . = ALIGN (0x2)
                0x0000000000800060                _edata = .
                [!provide]                        PROVIDE (__data_end, .)

.bss            0x0000000000800060        0x0
                [!provide]                        PROVIDE (__bss_start, .)
 *(COMMON)
                [!provide]                        PROVIDE (__bss_end, .)
                0x000000000000006c                __data_load_start = LOADADDR (.data)
                0x000000000000006c                __data_load_end = (__data_load_start + SIZEOF (.data))

.noinit         0x0000000000800060        0x0
                [!provide]                        PROVIDE (__noinit_start, .)
 *(.noinit*)
                [!provide]                        PROVIDE (__noinit_end, .)
                0x0000000000800060                _end = .

.eeprom         0x0000000000810000        0x0
 *(.eeprom*)
                0x0000000000810000                __eeprom_end = .

.fuse
 *(.fuse)
 *(.lfuse)
 *(.hfuse)
 *(.efuse)

.lock
 *(.lock*)

.signature
 *(.signature*)

.user_signatures
 *(.user_signatures*)

.stab
 *(.stab)

.stabstr
 *(.stabstr)

.stab.excl
 *(.stab.excl)

.stab.exclstr
 *(.stab.exclstr)

.stab.index
 *(.stab.index)

.stab.indexstr
 *(.stab.indexstr)

.comment        0x0000000000000000       0x2f
 *(.comment)
 .comment       0x0000000000000000       0x2f APP/TEST_SPI/TEST_SPI_Program.o
                                         0x30 (size before relaxing)
 .comment       0x000000000000002f       0x30 main.o
 .comment       0x000000000000002f       0x30 MCAL/DIO/DIO_Program.o
 .comment       0x000000000000002f       0x30 MCAL/SPI/SPI_Program.o
 .comment       0x000000000000002f       0x30 e:/programs/mplab xc8/avr/bin/../lib/gcc/avr/5.4.0/../../../../avr/lib/avr5/memx-const\libc.a(exit.o)
 .comment       0x000000000000002f       0x30 e:/programs/mplab xc8/avr/bin/../lib/gcc/avr/5.4.0/../../../../avr/lib/avr5/memx-const\libc.a(_Exit.o)

.note.GNU-stack
                0x0000000000000000        0x0
 .note.GNU-stack
                0x0000000000000000        0x0 e:/programs/mplab xc8/avr/bin/../lib/gcc/avr/5.4.0/../../../../avr/lib/avr5/memx-const\libc.a(exit.o)
 .note.GNU-stack
                0x0000000000000000        0x0 e:/programs/mplab xc8/avr/bin/../lib/gcc/avr/5.4.0/../../../../avr/lib/avr5/memx-const\libc.a(_Exit.o)

.stack.descriptors.hdr
                0x0000000000000000        0xe
 .stack.descriptors.hdr
                0x0000000000000000        0xe e:/programs/mplab xc8/avr/bin/../lib/gcc/avr/5.4.0/avr5/memx-const\libgcc.a(_exit.o)

.note.gnu.build-id
 *(.note.gnu.build-id)

.debug
 *(.debug)

.line
 *(.line)

.debug_srcinfo
 *(.debug_srcinfo)

.debug_sfnames
 *(.debug_sfnames)

.debug_aranges  0x0000000000000000       0xd8
 *(.debug_aranges)
 .debug_aranges
                0x0000000000000000       0x28 APP/TEST_SPI/TEST_SPI_Program.o
 .debug_aranges
                0x0000000000000028       0x20 main.o
 .debug_aranges
                0x0000000000000048       0x50 MCAL/DIO/DIO_Program.o
 .debug_aranges
                0x0000000000000098       0x40 MCAL/SPI/SPI_Program.o

.debug_pubnames
 *(.debug_pubnames)

.debug_info     0x0000000000000000     0x13dc
 *(.debug_info .gnu.linkonce.wi.*)
 .debug_info    0x0000000000000000      0x4e6 E:/Programs/Microchip Studio/7.0/Packs/atmel/ATmega_DFP/1.7.374/xc8/avr/lib/avr5/memx-const/crtatmega32.o
 .debug_info    0x00000000000004e6      0x3fe APP/TEST_SPI/TEST_SPI_Program.o
 .debug_info    0x00000000000008e4      0x288 main.o
 .debug_info    0x0000000000000b6c      0x444 MCAL/DIO/DIO_Program.o
 .debug_info    0x0000000000000fb0      0x42c MCAL/SPI/SPI_Program.o

.debug_abbrev   0x0000000000000000      0x7bf
 *(.debug_abbrev)
 .debug_abbrev  0x0000000000000000      0x4a3 E:/Programs/Microchip Studio/7.0/Packs/atmel/ATmega_DFP/1.7.374/xc8/avr/lib/avr5/memx-const/crtatmega32.o
 .debug_abbrev  0x00000000000004a3      0x10d APP/TEST_SPI/TEST_SPI_Program.o
 .debug_abbrev  0x00000000000005b0       0x6f main.o
 .debug_abbrev  0x000000000000061f       0x96 MCAL/DIO/DIO_Program.o
 .debug_abbrev  0x00000000000006b5      0x10a MCAL/SPI/SPI_Program.o

.debug_line     0x0000000000000000      0x6db
 *(.debug_line .debug_line.* .debug_line_end)
 .debug_line    0x0000000000000000      0x119 E:/Programs/Microchip Studio/7.0/Packs/atmel/ATmega_DFP/1.7.374/xc8/avr/lib/avr5/memx-const/crtatmega32.o
 .debug_line    0x0000000000000119      0x155 APP/TEST_SPI/TEST_SPI_Program.o
 .debug_line    0x000000000000026e       0x71 main.o
 .debug_line    0x00000000000002df      0x28d MCAL/DIO/DIO_Program.o
 .debug_line    0x000000000000056c      0x16f MCAL/SPI/SPI_Program.o

.debug_frame    0x0000000000000000      0x15c
 *(.debug_frame)
 .debug_frame   0x0000000000000000       0x34 APP/TEST_SPI/TEST_SPI_Program.o
 .debug_frame   0x0000000000000034       0x24 main.o
 .debug_frame   0x0000000000000058       0x84 MCAL/DIO/DIO_Program.o
 .debug_frame   0x00000000000000dc       0x80 MCAL/SPI/SPI_Program.o

.debug_str      0x0000000000000000      0x213
 *(.debug_str)
 .debug_str     0x0000000000000000      0x196 E:/Programs/Microchip Studio/7.0/Packs/atmel/ATmega_DFP/1.7.374/xc8/avr/lib/avr5/memx-const/crtatmega32.o
 .debug_str     0x0000000000000196       0x53 APP/TEST_SPI/TEST_SPI_Program.o
 .debug_str     0x00000000000001e9        0x9 main.o
 .debug_str     0x00000000000001f2        0x5 MCAL/DIO/DIO_Program.o
 .debug_str     0x00000000000001f7       0x1c MCAL/SPI/SPI_Program.o

.debug_loc      0x0000000000000000      0x3c2
 *(.debug_loc)
 .debug_loc     0x0000000000000000       0x67 APP/TEST_SPI/TEST_SPI_Program.o
 .debug_loc     0x0000000000000067      0x2e4 MCAL/DIO/DIO_Program.o
 .debug_loc     0x000000000000034b       0x77 MCAL/SPI/SPI_Program.o

.debug_macinfo
 *(.debug_macinfo)

.debug_weaknames
 *(.debug_weaknames)

.debug_funcnames
 *(.debug_funcnames)

.debug_typenames
 *(.debug_typenames)

.debug_varnames
 *(.debug_varnames)

.debug_pubtypes
 *(.debug_pubtypes)

.debug_ranges   0x0000000000000000       0x98
 *(.debug_ranges)
 .debug_ranges  0x0000000000000000       0x18 APP/TEST_SPI/TEST_SPI_Program.o
 .debug_ranges  0x0000000000000018       0x10 main.o
 .debug_ranges  0x0000000000000028       0x40 MCAL/DIO/DIO_Program.o
 .debug_ranges  0x0000000000000068       0x30 MCAL/SPI/SPI_Program.o

.debug_macro
 *(.debug_macro)
OUTPUT(SPI_Projects.elf elf32-avr)
LOAD linker stubs
LOAD data_init

.note.gnu.avr.deviceinfo
                0x0000000000000000       0x3c
 .note.gnu.avr.deviceinfo
                0x0000000000000000       0x3c E:/Programs/Microchip Studio/7.0/Packs/atmel/ATmega_DFP/1.7.374/xc8/avr/lib/avr5/memx-const/crtatmega32.o

.text.DIO_SetPinDir
                0x000000000000006c       0xe2
 .text.DIO_SetPinDir
                0x000000000000006c       0xe2 MCAL/DIO/DIO_Program.o
                0x000000000000006c                DIO_SetPinDir

.text.DIO_SetPinVal
                0x000000000000014e       0xe2
 .text.DIO_SetPinVal
                0x000000000000014e       0xe2 MCAL/DIO/DIO_Program.o
                0x000000000000014e                DIO_SetPinVal

.text.SPI_Master_Init
                0x0000000000000230       0x88
 .text.SPI_Master_Init
                0x0000000000000230       0x88 MCAL/SPI/SPI_Program.o
                0x0000000000000230                SPI_Master_Init

.text.DIO_TogglePin
                0x00000000000002b8       0x68
 .text.DIO_TogglePin
                0x00000000000002b8       0x68 MCAL/DIO/DIO_Program.o
                0x00000000000002b8                DIO_TogglePin

.text.Test_SPI  0x0000000000000320       0x24
 .text.Test_SPI
                0x0000000000000320       0x24 APP/TEST_SPI/TEST_SPI_Program.o
                0x0000000000000320                Test_SPI

.text.Init      0x0000000000000344       0x16
 .text.Init     0x0000000000000344       0x16 APP/TEST_SPI/TEST_SPI_Program.o
                0x0000000000000344                Init

.text.exit      0x000000000000035a       0x16
 .text.exit     0x000000000000035a       0x16 e:/programs/mplab xc8/avr/bin/../lib/gcc/avr/5.4.0/../../../../avr/lib/avr5/memx-const\libc.a(exit.o)
                0x000000000000035a                exit

.text.__vector_12
                0x0000000000000370       0x14
 .text.__vector_12
                0x0000000000000370       0x14 MCAL/SPI/SPI_Program.o
                0x0000000000000370                __vector_12

.text.main      0x0000000000000384        0xa
 .text.main     0x0000000000000384        0xa main.o
                0x0000000000000384                main

.text.SPI_RecieveCharacter
                0x000000000000038e        0x8
 .text.SPI_RecieveCharacter
                0x000000000000038e        0x8 MCAL/SPI/SPI_Program.o
                0x000000000000038e                SPI_RecieveCharacter

.text.SPI_SendCharacter
                0x0000000000000396        0x8
 .text.SPI_SendCharacter
                0x0000000000000396        0x8 MCAL/SPI/SPI_Program.o
                0x0000000000000396                SPI_SendCharacter

.text           0x000000000000039e        0x4
 .text          0x000000000000039e        0x4 E:/Programs/Microchip Studio/7.0/Packs/atmel/ATmega_DFP/1.7.374/xc8/avr/lib/avr5/memx-const/crtatmega32.o
                0x000000000000039e                __vector_1
                0x000000000000039e                __bad_interrupt
                0x000000000000039e                __vector_6
                0x000000000000039e                __vector_3
                0x000000000000039e                __vector_11
                0x000000000000039e                __vector_13
                0x000000000000039e                __vector_17
                0x000000000000039e                __vector_19
                0x000000000000039e                __vector_7
                0x000000000000039e                __vector_5
                0x000000000000039e                __vector_4
                0x000000000000039e                __vector_9
                0x000000000000039e                __vector_2
                0x000000000000039e                __vector_15
                0x000000000000039e                __vector_8
                0x000000000000039e                __vector_14
                0x000000000000039e                __vector_10
                0x000000000000039e                __vector_16
                0x000000000000039e                __vector_18
                0x000000000000039e                __vector_20

.text._Exit     0x00000000000003a2        0x4
 .text._Exit    0x00000000000003a2        0x4 e:/programs/mplab xc8/avr/bin/../lib/gcc/avr/5.4.0/../../../../avr/lib/avr5/memx-const\libc.a(_Exit.o)
                0x00000000000003a2                _Exit

.text.__dummy_fini
                0x00000000000003a6        0x2
 .text.__dummy_fini
                0x00000000000003a6        0x2 e:/programs/mplab xc8/avr/bin/../lib/gcc/avr/5.4.0/../../../../avr/lib/avr5/memx-const\libc.a(exit.o)
                0x00000000000003a6                _fini

.text.__dummy_funcs_on_exit
                0x00000000000003a8        0x2
 .text.__dummy_funcs_on_exit
                0x00000000000003a8        0x2 e:/programs/mplab xc8/avr/bin/../lib/gcc/avr/5.4.0/../../../../avr/lib/avr5/memx-const\libc.a(exit.o)
                0x00000000000003a8                __funcs_on_exit

.text.__dummy_simulator_exit
                0x00000000000003aa        0x2
 .text.__dummy_simulator_exit
                0x00000000000003aa        0x2 e:/programs/mplab xc8/avr/bin/../lib/gcc/avr/5.4.0/../../../../avr/lib/avr5/memx-const\libc.a(exit.o)
                0x00000000000003aa                __simulator_exit
